
Session Start: Fri Jan 15 19:49:05 1999
<COmodore> eccomi
<Boy_BARI> ciao
<COmodore> sei fem
<Boy_BARI> quanti cm misuri?
<COmodore> 20 Cm
<COmodore> ma e cosi duro
<COmodore> ,,che ci puoi giocare una vita
<Boy_BARI> ti va pompio?
<Boy_BARI> pompino?
<COmodore> si
<Boy_BARI> anni?
<Boy_BARI> annI?
<COmodore> 16
<COmodore> tu 
<Boy_BARI> 27
<COmodore> ok
<COmodore> si puo'
<COmodore> ee
<COmodore> mandami una tua foto
<Boy_BARI> vuoi anche il culo?
<COmodore> si
<COmodore> mandami una foto in dcc
Session Close: Fri Jan 15 19:56:49 1999

