
Session Start: Mon Jan 18 02:45:33 1999
<COmodore> ciao
<Druida> ciao
<COmodore> senti mi sproteggeresti un prog?
<BlakDruiD> no
<BlakDruiD> :)
<COmodore> daii
<COmodore> per favore mi serve?
<BlakDruiD> di che prog si tratta?
<COmodore> ti supplico
<COmodore> stereometric pro 
<COmodore> se vuoi te lo mando in e-mail 
<BlakDruiD> perchè non lo sproteggi tu?
<COmodore> e un prog con chiave seriale e data time
<COmodore> e difficilissimo lo datto a un sacco di cracker ma non ci sono riusciti..
<COmodore> te lo mando..?
<BlakDruiD> io domenica parto per il mare quindi...
<COmodore> cosi vedi se c'è la fai
<COmodore> daii vedi solo se c'è la fai .. 
<BlakDruiD> dubito che se molti cracker hanno fallito io ce la possa fare
<COmodore> se e una cosa facile per tè lo fai in pochi giorni
<BlakDruiD> a chi l'hi mandato?
<COmodore> o parlato con BobbyMetal
<COmodore> lo conosci
<COmodore> ?
<BlakDruiD> già sentito
<COmodore> e mi a tetto
<COmodore> Ho dato un'okkiata al prg, per la rimozione del nag iniziale non ci sono
<COmodore> problemi, ci ho messo mezzo minuto, ma per la rimozionedell'altro limite non
<COmodore> so proprio cosa fare, cioè, ho capito che va noppata la chiamata alla .DLL
<COmodore> smtp_uk , _it e_fr, ma non riesco a trovare la chiamata giusta da noppare.
<COmodore> Prova a chiedere in giro. Magari qlc migliore di me con queste info saprà
<COmodore> rimuovere la protezione. Ciao!
<BlakDruiD> ma scusa, non hi detto che è un serial da trovare?
<COmodore> n oe un prog con la chiave seriale e un data time
<BlakDruiD> chiave parallela vuoi dire?
<COmodore> si
<COmodore> quella dietro al pc
<COmodore> se metto la chiave mi attiva tutte le funzioni e lo posso usare quanto voglio
<BlakDruiD> ovvio
<COmodore> lo sai sproteggere'
<BlakDruiD> non saprei
<COmodore> dai per favore
<COmodore> ti scongiuro
<COmodore> dammi e-mail che te lo mando
<BlakDruiD> qunto occupa?
<COmodore> 500 kb
<COmodore> pero' funziona ad alte risoluzioni
<COmodore> 1024
<BlakDruiD> manda
<BlakDruiD> ma guarda che io parto per il mare
<COmodore> dammi e-mail
<COmodore> dai vedi cosa puoi fare prima di domenica
<BlakDruiD> black_druid@hotmail.com
<BlakDruiD> non posso fare niente prima di domenica
<COmodore> senti fammi sapere al + presto
<COmodore> ee
<COmodore> tu quanto lo vedi dammi notizie ..
<COmodore> tanto la mia e-mail ti arriva
Session Close: Mon Jan 18 03:09:05 1999

