
Session Start: Sat Jan 16 23:02:29 1999
<FiigaroCo> ciao
<T3rM|c> ciao
<FiigaroCo> mi potresti dare una mano?
<FiigaroCo> devo farmi il mio sito .com come devo fare?
<T3rM|c> se posso si... dipende
<FiigaroCo> come si fà?
<T3rM|c> cerca un sito che venda
<T3rM|c> webhosting
<T3rM|c> devi comprare lo spazio
<FiigaroCo> eee si lo sapevo dico senza comprare lo spazio..
<FiigaroCo> hackerandolo
<T3rM|c> ehh hackeralo allora
<T3rM|c> :)
<T3rM|c> buona fortuna
<FiigaroCo> sto facendo un sitoz.. su tutto sugli hacker.. su le scifezze di bil gates
<FiigaroCo> se mi vuoi dare una mano?
<FiigaroCo> a fare il sitoz..
<T3rM|c> mm no grazie
<T3rM|c> :)
<FiigaroCo> vallo a vedere.. almeno 
<FiigaroCo> e www.microsoftHacker.3000.it
<FiigaroCo> eee
<FiigaroCo> scaricati lo script che  o fatto io
<T3rM|c> :)
<T3rM|c> ok graie .. vado subito
<FiigaroCo> se mi vuoi lascare qualche idea in e-mail ne sarei glieto
Session Close: Sat Jan 16 23:09:23 1999

