
Session Start: Mon Jan 04 15:08:11 1999
*** Now talking in #cracker-it
Session Close: Mon Jan 04 15:08:22 1999


Session Start: Mon Jan 04 15:17:04 1999
*** Now talking in #cracker-it
Session Close: Mon Jan 04 15:17:07 1999


Session Start: Wed Jan 06 04:08:36 1999
*** Now talking in #cracker-it
Session Close: Wed Jan 06 04:08:39 1999


Session Start: Thu Jan 07 04:16:09 1999
*** Now talking in #cracker-it
Session Close: Thu Jan 07 04:16:27 1999


Session Start: Thu Jan 07 04:16:45 1999
*** Now talking in #cracker-it
Session Close: Thu Jan 07 04:16:48 1999


Session Start: Thu Jan 07 14:14:35 1999
*** Now talking in #cracker-it
Session Close: Thu Jan 07 14:14:39 1999


Session Start: Thu Jan 07 14:14:55 1999
*** Now talking in #cracker-it
Session Close: Thu Jan 07 14:14:58 1999


Session Start: Thu Jan 07 14:15:18 1999
*** Now talking in #cracker-it
Session Close: Thu Jan 07 14:15:23 1999


Session Start: Fri Jan 08 01:08:52 1999
*** Now talking in #cracker-it
Session Close: Fri Jan 08 01:08:54 1999

