
Session Start: Sun Jan 03 16:18:30 1999
*** Now talking in #hacker.it
<FigaroCoo> ciao
<FigaroCoo> c'è nessuna che sa fare i crack qui
*** SCiTeCh has quit IRC ([-z0r-]: this server blows! )
*** SCiTeCh (~scitech@ba208j.scitech.temple.edu) has joined #hacker.it
*** Disconnetti
Session Close: Sun Jan 03 16:20:56 1999


Session Start: Wed Jan 06 04:09:52 1999
*** Now talking in #hacker.it
Session Close: Wed Jan 06 04:10:07 1999


Session Start: Thu Jan 07 02:20:29 1999
*** Now talking in #hacker.it
<FigaroCoo> ciao
*** gib (x@212.69.138.23) has joined #hacker.it
*** gib (x@212.69.138.23) has left #hacker.it (gib)
*** Disconnetti
Session Close: Thu Jan 07 02:44:10 1999


Session Start: Thu Jan 07 14:22:17 1999
*** Now talking in #hacker.it
Session Close: Thu Jan 07 14:22:19 1999


Session Start: Sat Jan 09 16:06:14 1999
*** Now talking in #hacker.it
Session Close: Sat Jan 09 16:06:18 1999


Session Start: Sun Jan 10 23:05:46 1999
*** Now talking in #hacker.it
<FigaroCoo> ciao
*** Disconnetti
Session Close: Sun Jan 10 23:19:38 1999

