
Session Start: Sun Jan 10 16:22:55 1999
*** Now talking in #hack-it
<FigaroCoo> ciao
<FigaroCoo> a utti
*** Retrieving #hack-it info...
*** Retrieving #hack-it info...
<FigaroCoo> AiuTOooooooooOOO mi serve il sorgente del mirc
<FigaroCoo>  AiuTOooooooooOOO mi serve il sorgente del mirc
<FigaroCoo>  AiuTOooooooooOOO mi serve il sorgente del mirc
<FigaroCoo>  AiuTOooooooooOOO mi serve il sorgente del mirc
<FigaroCoo>  AiuTOooooooooOOO mi serve il sorgente del mirc
<FigaroCoo>  AiuTOooooooooOOO mi serve il sorgente del mirc
<FigaroCoo>  AiuTOooooooooOOO mi serve il sorgente del mirc
<FigaroCoo>  AiuTOooooooooOOO mi serve il sorgente del mirc
<FigaroCoo>  AiuTOooooooooOOO mi serve il sorgente del mirc
<FigaroCoo>  AiuTOooooooooOOO mi serve il sorgente del mirc
<FigaroCoo>  AiuTOooooooooOOO mi serve il sorgente del mirc
<FigaroCoo>  AiuTOooooooooOOO mi serve il sorgente del mirc
<FigaroCoo>  AiuTOooooooooOOO mi serve il sorgente del mirc
<FigaroCoo>  AiuTOooooooooOOO mi serve il sorgente del mirc
<FigaroCoo>  AiuTOooooooooOOO mi serve il sorgente del mirc
<FigaroCoo>  AiuTOooooooooOOO mi serve il sorgente del mirc
<FigaroCoo>  AiuTOooooooooOOO mi serve il sorgente del mirc
<FigaroCoo>  AiuTOooooooooOOO mi serve il sorgente del mirc
<FigaroCoo>  AiuTOooooooooOOO mi serve il sorgente del mirc
<FigaroCoo>  AiuTOooooooooOOO mi serve il sorgente del mirc
<FigaroCoo>  AiuTOooooooooOOO mi serve il sorgente del mirc
<FigaroCoo>  AiuTOooooooooOOO mi serve il sorgente del mirc
<FigaroCoo>  AiuTOooooooooOOO mi serve il sorgente del mirc
<FigaroCoo>  AiuTOooooooooOOO mi serve il sorgente del mirc
<FigaroCoo>  AiuTOooooooooOOO mi serve il sorgente del mirc
<FigaroCoo> v
<FigaroCoo>  AiuTOooooooooOOO mi serve il sorgente del mirc
<FigaroCoo>  AiuTOooooooooOOO mi serve il sorgente del mirc
<FigaroCoo>  AiuTOooooooooOOO mi serve il sorgente del mirc
<FigaroCoo>  AiuTOooooooooOOO mi serve il sorgente del mirc
<FigaroCoo>  AiuTOooooooooOOO mi serve il sorgente del mirc
<FigaroCoo>  AiuTOooooooooOOO mi serve il sorgente del mirc
<FigaroCoo>  AiuTOooooooooOOO mi serve il sorgente del mirc
<FigaroCoo>  AiuTOooooooooOOO mi serve il sorgente del mirc
<FigaroCoo>  AiuTOooooooooOOO mi serve il sorgente del mirc
<FigaroCoo>  AiuTOooooooooOOO mi serve il sorgente del mirc
<FigaroCoo>  AiuTOooooooooOOO mi serve il sorgente del mirc
<FigaroCoo>  AiuTOooooooooOOO mi serve il sorgente del mirc
<FigaroCoo>  AiuTOooooooooOOO mi serve il sorgente del mirc
<FigaroCoo>  AiuTOooooooooOOO mi serve il sorgente del mirc
<FigaroCoo>  AiuTOooooooooOOO mi serve il sorgente del mirc
<FigaroCoo>  AiuTOooooooooOOO mi serve il sorgente del mirc
<FigaroCoo>  AiuTOooooooooOOO mi serve il sorgente del mirc
<FigaroCoo>  AiuTOooooooooOOO mi serve il sorgente del mirc
<FigaroCoo>  AiuTOooooooooOOO mi serve il sorgente del mirc
<FigaroCoo>  AiuTOooooooooOOO mi serve il sorgente del mirc
<FigaroCoo>  AiuTOooooooooOOO mi serve il sorgente del mirc
<FigaroCoo>  AiuTOooooooooOOO mi serve il sorgente del mirc
<FigaroCoo>  AiuTOooooooooOOO mi serve il sorgente del mirc
<FigaroCoo>  AiuTOooooooooOOO mi serve il sorgente del mirc
<FigaroCoo>  AiuTOooooooooOOO mi serve il sorgente del mirc
<FigaroCoo>  AiuTOooooooooOOO mi serve il sorgente del mirc
<FigaroCoo>  AiuTOooooooooOOO mi serve il sorgente del mirc
<FigaroCoo>  AiuTOooooooooOOO mi serve il sorgente del mirc
<FigaroCoo>  AiuTOooooooooOOO mi serve il sorgente del mirc
<FigaroCoo>  AiuTOooooooooOOO mi serve il sorgente del mirc
<FigaroCoo>  AiuTOooooooooOOO mi serve il sorgente del mirc
*** Disconnetti
Session Close: Sun Jan 10 16:25:40 1999

