
Session Start: Sun Jan 10 16:15:52 1999
*** Now talking in #mondoscript
*** Topic is 'www.superpekora.N3T (sito a neuroni di pekora, rikiede la relativa linea)'
*** Set by V-W0rM on Fri Aug 11 10:57:56
<FigaroCoo> ciao
<FigaroCoo> a tuti
<V-W0rM> non c'e' tuti
<`RoBy`> hagaghahgahgahgagha non sapete quanto me piace mettere in ignore permanente }Lele{
<FigaroCoo> scusa tutti
<`RoBy`> nemmeno tutti c'è
<V-W0rM> non c'e' nemmeno tutti
<FigaroCoo> aa
<`RoBy`> ahgagha
<FigaroCoo> raga qualcuno a il sorgente del mIRC=?
<V-W0rM> io si, mirc.exe
<`RoBy`> ahahahhaa
<`RoBy`> :)
<SuperN3T> hahahaha
<SuperN3T> si ce l'ho io
<SuperN3T> sono un collaboratore di khaled
<`RoBy`> ehehhehehehehehehe
<SuperN3T> programmiamo insieme
<`RoBy`> huahuauhuah
<SuperN3T> hehehe
<`RoBy`> nanananananannanaa
<`RoBy`> che or'è
<FigaroCoo> io c'è lo ma e in asm e non riesco a deconpilatoro
<`RoBy`> scusa ma che or'è
<`RoBy`> che non lo posso perdere l'ultimo spettacolo
<FigaroCoo> cioè a conpilarlo
<`RoBy`> fine del mondo in mondo visione
<SuperN3T> ce l'ho questa
<SuperN3T> ke or'è
<SuperN3T> diretta da sanpietro
<SuperN3T> per l'occasione
<SuperN3T> la borsa sale
<SuperN3T> i valori no
<`RoBy`> i valori no
<`RoBy`> a che oraaaa è la fine del mondooo
<FigaroCoo> avete finito di cantare.. liga
<SuperN3T> a ke ora è la fine del mondooooooo
<SuperN3T> a ke ora è la fine del mondooooooo
<SuperN3T> a ke ora è la fine del mondooooooo
<SuperN3T> ke mese è?
<`RoBy`> l'ultimo appello per i merdaioli
<`RoBy`> niente regali per i leccaculo
<FigaroCoo> qualcuno a prog che passa da asm in c
<SuperN3T> chumbawamba
<`RoBy`> ma te le h
<`RoBy`> te le magni
<`RoBy`> a colazione ?
<SuperN3T> hahahaha
<SuperN3T> chumbhawhambha?
<V-W0rM> eih
<SuperN3T> come se scrive?
<`RoBy`> chumbawamba
<V-W0rM> lo volete vederee l'installer di MDK 2 ????
<V-W0rM> lo volete vederee l'installer di MDK 2 ????
<V-W0rM> lo volete vederee l'installer di MDK 2 ????
<SuperN3T> k
<SuperN3T> eheh
<`RoBy`> i get knocked down
<V-W0rM> lo volete vederee l'installer di MDK 2 ????
<V-W0rM> lo volete vederee l'installer di MDK 2 ????
<SuperN3T> no
<V-W0rM> lo volete vederee l'installer di MDK 2 ????
<V-W0rM> ok supernet, te lo mando subito allora
<V-W0rM> ;)
<SuperN3T> ahhaah
<SuperN3T> prendiamoci sto file di merda
<SuperN3T> eheh
<`RoBy`> ahgaghahga
<`RoBy`> sto modem
<`RoBy`> lo hai comprato
<V-W0rM> :PP
<`RoBy`> con le buste
<`RoBy`> di dixan
<`RoBy`> per me
<`RoBy`> :)
<V-W0rM> heheeh
<V-W0rM> :DDDD
<SuperN3T> hahahahha
<`RoBy`> hghghg
<V-W0rM> mi sto skarikando Metal Fatigue
<V-W0rM> ^__________^
<V-W0rM> 80mb
<V-W0rM> :PP
<`RoBy`> hgaghahgaghahga
<`RoBy`> lam00r
<`RoBy`> non trovo quel cracj
<V-W0rM> ^^;
<`RoBy`> dio porko
<`RoBy`> figaaaaaa
<`RoBy`> figaaaaaa
<V-W0rM> ^____^
<`RoBy`> mmmmmm
<`RoBy`> bonazza
<`RoBy`> do l'hanno trovata :)
<V-W0rM> eheheh
<V-W0rM> boh
<`RoBy`> su lolitasex.com
<`RoBy`> aihihaiha
<SuperN3T> cazzi
<`RoBy`> californicationnnnnnn
<`RoBy`> red hot
<SuperN3T> ho scritto rm invece di wiev
<`RoBy`> chilli peppersssss
<SuperN3T> l'ho cancellato senza vederlo
<SuperN3T> ahahah
<`RoBy`> uhahuahauhauahauha
<`RoBy`> belloooo
<V-W0rM> ahahah
<V-W0rM> peggio per te
<`RoBy`> lamooor
<SuperN3T> skerzo
<`RoBy`> it's californicationnnn
<`RoBy`> anananannanannaa
<`RoBy`> aho rega
<FigaroCoo> AiuTOooooooooOOO mi serve il sorgente del mirc
<FigaroCoo> AiuTOooooooooOOO mi serve il sorgente del mirc
<FigaroCoo> AiuTOooooooooOOO mi serve il sorgente del mirc
<FigaroCoo> AiuTOooooooooOOO mi serve il sorgente del mirc
<`RoBy`> ho rimediato un casino
<FigaroCoo> AiuTOooooooooOOO mi serve il sorgente del mirc
<`RoBy`> di grafica
<FigaroCoo> AiuTOooooooooOOO mi serve il sorgente del mirc
<`RoBy`> per il dark wolf
<FigaroCoo> AiuTOooooooooOOO mi serve il sorgente del mirc
<`RoBy`> tutta in 3d
<FigaroCoo> AiuTOooooooooOOO mi serve il sorgente del mirc
<`RoBy`> bellissima
<FigaroCoo> AiuTOooooooooOOO mi serve il sorgente del mirc
Session Close: Sun Jan 10 16:24:35 1999


Session Start: Sun Jan 10 16:24:49 1999
*** Now talking in #MondoScript
*** Topic is 'www.superpekora.N3T (sito a neuroni di pekora, rikiede la relativa linea)'
*** Set by V-W0rM on Fri Aug 11 10:57:56
<SuperN3T> ma quella puttanona nella foto
<V-W0rM> ahahah
<V-W0rM> :DDD
<`RoBy`> aghghaghahgahgahgahga
<`RoBy`> si lo si
<V-W0rM> minkia
<`RoBy`> :)
<V-W0rM> lo installerei
<V-W0rM> ogni giorno
<V-W0rM> uahahahaha
<`RoBy`> hbhaghgahgahgahga
<SuperN3T> hhaahhaah
<`RoBy`> apri il file
<`RoBy`> con l'exe wiever
<`RoBy`> e fregati la immagine
<`RoBy`> :)
<V-W0rM> e ke me ne faccio
<V-W0rM> ^^;
*** Disconnetti
Session Close: Sun Jan 10 16:25:40 1999

