
Session Start: Thu Jan 07 02:31:42 1999
<FigaroCoo> ciao
<[Melkor]> hail
<FigaroCoo> ai un traduttore di assebler in c++
<FigaroCoo> ?
<[Melkor]> ti diro'.. sara moooltoo dura che tu lo trovi..
<[Melkor]> arguiscoi che di asm non ne sai molto..
<FigaroCoo> niente
<FigaroCoo> tu c'è lai
<[Melkor]> non e'  che non ce l'ho e' che penso proprio non ci sia
<FigaroCoo> a
<FigaroCoo> come devo fare a portare un programma decompilato in assebler.. in c
<[Melkor]> 1 xche' asm non e' OO tranne che alcune varianti come HLA
<[Melkor]> in plain c non c++ gia' + fattibile
<FigaroCoo> io o decompilato il mirc32.. 
<FigaroCoo> ora lo voglio portare in c++ come devo fare^^
<FigaroCoo> perche' mi servono i sorgenti del mirc..
<[Melkor]> non puoi.. o meglio non sperare di ottenere nulla di direttamente utilizzabile
<[Melkor]> se il R.E fosse cosi' semplice direi che basterebbe scrivere un buon decompilatore =)
<FigaroCoo> a
<FigaroCoo> come devo fare ad ottenere i sorgenti del mirc?
<FigaroCoo> in c++ e non in assebler
<FigaroCoo> '
<FigaroCoo> ?
<[Melkor]> chiedendoli all'autore >8)   .. no se vuoi riottenere dei sorgenti x poi ricompilarli dovrai farlo + o - a mano
<FigaroCoo> COSA ..
<[Melkor]> cmq arguisco che di R.E. ne sai ben poko.. 
<FigaroCoo> senti tu ce la fai a ottenere i sorgenti del mirc..
<[Melkor]> 1 xche' non parli di dissamblatore come fosse un DECOMPILATORE
<[Melkor]> 2) xche' quello che chiedi e' un lavoro di settimane come minimo..
<FigaroCoo> senti se riesci a ricavare il sorgente.. in c o in visual c sei un mago e tutto il mondo te ne sarà grato
<[Melkor]> lol =)
<[Melkor]> devo dire non ti manka l'umorismo...
<FigaroCoo> perchè
<FigaroCoo> senti ci potresti provare..
<FigaroCoo> a decompilare i sorgenti del mirc..
<FigaroCoo> se ci riesci mandameli a japigia@iol.it
<FigaroCoo> ci provi?
<[Melkor]> non hai capito allora.. x ottenere i srcs del mirc devi lavorare SETTIMANE ....
<FigaroCoo> ti do quello che vuoi
Session Close: Thu Jan 07 02:44:10 1999


Session Start: Thu Jan 07 04:21:55 1999
<FigaroCoo> me li mandi..
<FigaroCoo> me li fai=?
<FigaroCoo> me li mandi
<FigaroCoo> ?
<FigaroCoo> per win
Session Close: Thu Jan 07 04:27:26 1999


Session Start: Sat Jan 09 01:43:52 1999
<FigaroCoo> ciao
Session Close: Sat Jan 09 02:12:50 1999

