
Session Start: Wed Jul 26 15:47:58 2000
<FigaroCoo> ciaooo
<[t]Eo> ciauz
<FigaroCoo> coem va
<FigaroCoo> cosa ai fatto per il client
<[t]Eo> niente..
<[t]Eo> per ora ..
<FigaroCoo> ai visto i sorgenti che ti o mandato
<[t]Eo> si..
<FigaroCoo> allora..
<FigaroCoo> che ne pensi
<[t]Eo> aspe
<FigaroCoo> allora...
<FigaroCoo> ma che fai..
<FigaroCoo> giochi con i BOT
<[t]Eo> si..
<FigaroCoo> ii
<FigaroCoo> i
<[t]Eo> ...cmq..ho visto i sorgenti..
<FigaroCoo> allora
<[t]Eo> niente..
<[t]Eo> sto continuando a programmare il client..
<FigaroCoo> a
<[t]Eo> e gli implementerò tutto..
<FigaroCoo> senti o visto che se aggiungo la cartella comic.. non succede niente..
<[t]Eo> dove..
<FigaroCoo> al tuo client
<[t]Eo> ..infatti..
<[t]Eo> non ancora è attiva..
<FigaroCoo> e perchè
<[t]Eo> x ora solo testo...
<FigaroCoo> e neache se aggiungo il mirc.ini
<[t]Eo> no...
<[t]Eo> non ancora...
<FigaroCoo> senti dovresti attivarle..e mandarmi exe
<FigaroCoo> perche voglio fare lo scripT sul tuo client..
<[t]Eo> lo so .. ma per tutta la settimana..non ci sono...
<FigaroCoo> voglio essere il primoz.. a farlo
<[t]Eo> anche venom..vuole farlo...
<FigaroCoo> ee
<[t]Eo> ee cosa?
<FigaroCoo> senti .. promettimi che saro il primo a ricevere il file
<FigaroCoo> exe
<[t]Eo> certo
<FigaroCoo> grazie..
<FigaroCoo> + o - quanto ci vuole ad attivare le opzioni
<[t]Eo> ..non saprei..
<[t]Eo> ora devo stare una settimana fermo..
<FigaroCoo> perchè
<[t]Eo> non ci sono...

Session Start: Wed Jul 26 15:57:36 2000
<FiigaroCo> problemi di mirc
<FiigaroCo> ..scusa dicevi
<[t]Eo> ..niente..
<[t]Eo> che non ci sono tutta la settimana
<FiigaroCo> senti.. ora non puoi aggiungere solo le opzioni
<FiigaroCo> del mirc.. e le vignette
<[t]Eo> ..no...
<[t]Eo> mi spiace
<FiigaroCo> daiiii
<[t]Eo> no..
<FiigaroCo> sono pazzo del tuo client
<[t]Eo> davvero???
<FiigaroCo> a mi sono reso conto che quando lo chiudo a volte da problemi
<FiigaroCo> perchè
<[t]Eo> cioè?
<FiigaroCo> da errore di visual.. conviene testarlo..
<[t]Eo> infatti...
<FiigaroCo> senti .. facciamo una cosetta.. tu attivi le opzioni .... e io te ne sono grado a vita
<FiigaroCo> ti piace come idea
<[t]Eo> no..sorry
<FiigaroCo> a l'altro giorno .. stavo pensando
<[t]Eo> cosa?
<FiigaroCo> si puo fare opzione.. di far entrare il tuo client nelle chat..
<FiigaroCo> normali quelle non irc
<FiigaroCo> quelle del web
<FiigaroCo> farlo ultra compatibile..
<[t]Eo> ..posso provarci...
<FiigaroCo> e sarebbe una stupenda idea
<FiigaroCo> ee
<FiigaroCo> mi vengono cosi.. mi raccomando di aggiungere il napster
<FiigaroCo> tanto ti o mandato il sorg..
<FiigaroCo> cioe di fare opzione.. di far entrare il tuo client nelle chat del napster e di far scaricare mp3.. a l'inpazzata
<[t]Eo> proverò..
<[t]Eo> poi vedo
<[t]Eo> ora devo uscire 
<[t]Eo> ciauz
<[t]Eo> ciauz
<FiigaroCo> aaa
<FiigaroCo> mi raccomando quanto finisci .. mandami exe
<FiigaroCo> ok
Session Close: Wed Jul 26 16:05:48 2000

