
Session Start: Fri Jul 28 10:56:11 2000
Session Ident: [TIM]anco (JqUvL@194.145.113.119)
<[TIM]anco> dici sul serio?
<FigaroCoo> no
<[TIM]anco> programmatori
<[TIM]anco> c++
<[TIM]anco> cerchi?
<[TIM]anco> mi credevoo
<[TIM]anco> ;)
<FigaroCoo> cosa
<FigaroCoo> ...si cerco programmatori in c++
<[TIM]anco> sul serio?
<FigaroCoo> mi serve un prog che passi da disasebler in c++
<FigaroCoo> si
<[TIM]anco> io sono uncoder
<FigaroCoo> lo ai
<[TIM]anco> per lavoro
<[TIM]anco> o per altro
<[TIM]anco> cioè
<[TIM]anco> spiego bene
<[TIM]anco> $$$$$$$$
<FigaroCoo> si
<[TIM]anco> soldi
<FigaroCoo> si
<[TIM]anco> zona di lavoro?
<FigaroCoo> se ai il prog incominciamo al lavorare..
<FigaroCoo> io o disasemblato un prog in assebler...
<FigaroCoo> ora lo devo portare in c++ ,,
<FigaroCoo> mi anno detto che ci sono i prog che lo fanno
<FigaroCoo> ci 6
<FigaroCoo> 6
<[TIM]anco> certo
<[TIM]anco> è protetto da coyright?
<[TIM]anco> il programma disassemblato
<[TIM]anco> mi sa ke siamo a livello di reversing
<[TIM]anco> o meglio
<[TIM]anco> detta porting
<[TIM]anco> ke questa cosa
<[TIM]anco> ma sappi
<[TIM]anco> fa
<[TIM]anco> ke si
<FigaroCoo> si
<FigaroCoo> io lo diaseblato con il w32dasm
<FigaroCoo> scus disaseblato
<FigaroCoo> ai il prog
<FigaroCoo> ?!
<FigaroCoo> ma ci 6
<[TIM]anco> si l'ho capito
<FigaroCoo> ai il prog
<[TIM]anco> ed effetuare il porting
<[TIM]anco> del codice disassemblato
<[TIM]anco> c
<[TIM]anco> una immagine
<[TIM]anco> a ricavare
<[TIM]anco> oppute
<[TIM]anco> fidati
<FigaroCoo> deve trasformare da disasebler in c
<FigaroCoo> lo ai per win
<[TIM]anco> problemi??
<[TIM]anco> ci sono
<[TIM]anco> si
<[TIM]anco> faccaimo
<FigaroCoo> allora lo ai il prog.. me lo mandi in dcc
<[TIM]anco> prima a riscriverlo
<[TIM]anco> in dcc
<[TIM]anco> ma mi spieghi cosa vui fare'
<[TIM]anco> ??
<FigaroCoo> o disaseblato  un exe  con win32dasm... ora lo voglio passare da disasebler in c++ cosi lo midifico ok
<FigaroCoo> ai il prog
<FigaroCoo> che lo passa
Session Close: Fri Jul 28 11:11:07 2000


Session Start: Fri Jul 28 11:11:59 2000
<FigaroCoo> allora
<FigaroCoo> ai il prog...
<FigaroCoo> me lo mandi
Session Close: Fri Jul 28 11:12:21 2000


Session Start: Fri Jul 28 11:12:39 2000
<FiigaroCo> allora ai il prog
Session Close: Fri Jul 28 11:33:32 2000

