
Session Start: Fri Jul 28 15:10:14 2000
<FigaroCoo> ciao
<|Wolf||> ciao
<FigaroCoo> ai un compilatore di assebler
<FigaroCoo> da assebler in file exe..
<|Wolf||> lo avevo.
<FigaroCoo> me lo mandi in e-mail a japigia@iol.it
<FigaroCoo> per favore.. mi serve
<|Wolf||> NON lo ho +
<FigaroCoo> dove lo trvo
<FigaroCoo> trovo
<|Wolf||> non so.
<|Wolf||> go.to/tankcommandos
<FigaroCoo> come si chiamava
<|Wolf||> prova lì
<|Wolf||> non ricordo.
<FigaroCoo> dove devo andare
<|Wolf||> programmazione
<FigaroCoo> poi
<|Wolf||> non so.
<FigaroCoo> sono antato su programmare
Session Close: Fri Jul 28 15:20:33 2000

