
Session Start: Sun Jan 10 15:44:21 1999
<FigaroCoo> stai vedendo per il prog
<Alessi016> no
<FigaroCoo> perchè
<Alessi016> bho
<FigaroCoo> dai,,
<FigaroCoo> oer lo sproteggi
<FigaroCoo> per favore?
<Alessi016> non mi va
<FigaroCoo> ti scongiuro..
<FigaroCoo> dai
<Alessi016> prima impara a programmare
<Alessi016> poi impari a "sproteggerlo" da solo
<FigaroCoo> daii
<FigaroCoo> senti sai usare il w32dasm
<Alessi016> è la seconda volta che me lo chiedi
<Alessi016> è la prima cosa che si usa
<FigaroCoo> scuas il sorgente e questo o latro?
<FigaroCoo> G......p.....Borland C++ - Copyright 1995 Borland 
<FigaroCoo> Intl..CodeGuard cannot  be run with multiple 
<FigaroCoo> processes.CodeGuard Message.........bmp.....
<FigaroCoo> ......V.............A..@B.. A...B...B............
<FigaroCoo> .W.(?.......?.........@.............chanfldr.init
<FigaroCoo> ...............'................................
<FigaroCoo> ............._...................0.w,a..
<FigaroCoo> .Q....m...jp5.c...d.2......y........+L...|...-..
<FigaroCoo> ....d.... .jHq...A..}......mQ.......V.l...kdz.b.
<FigaroCoo> ..e.O\...l.cc=....... n;^.iL.A`.rqg....<G..K....
<FigaroCoo> k......5l..B....@....l.
<FigaroCoo> e questo
<Alessi016> queso non codice sorgente
<Alessi016> ora devo andare per un po'
<Alessi016> ci veidamo tra poco
<FigaroCoo> scusa che è
Session Close: Sun Jan 10 15:53:51 1999

