
Session Start: Tue Jul 25 16:44:51 2000
<FigaroCoo> ciao
<arti> ciao
<FigaroCoo> ciao
<FigaroCoo> da dove dgt
<arti> come va ?
<arti> da roma te ?
<FigaroCoo> bene
<FigaroCoo> Brindisi
<arti> come te chiami?
<FigaroCoo> ai visto sha
<arti> no non ce nesuno
<FigaroCoo> ee
<FigaroCoo> senti sei m o f
<arti> ti ho chiesto come ti chiami?
<FigaroCoo> figaro
<arti> cosa si fa  a brindisi'
<FigaroCoo> un caz
<arti> perchè?
<arti> e cosi triste vero?
<arti> anni?
<arti> cosa fai di bello nella vita ?
<arti> caduto?
<FigaroCoo> 16 e non faccio nulla
<FigaroCoo> o solo problemi...
<FigaroCoo> con le ragazze faccio scivo..
<FigaroCoo> sembra che mi anno buttato un malochio
<arti> ma come  mai'
<FigaroCoo> esempio..>
<arti> a brindi si sta bene poi
<FigaroCoo> ieri ero uscito con degli amici... ><o visto una ragazza che mi piaceva.. la stavo osservando.. si e girata di scatto e mi a detto.. Non mi guardare mi sento a disaggio..
<FigaroCoo> mi a fatto fare una figura di merda
<FigaroCoo> davanti a tutti
<FigaroCoo> dico io proprio a me ..
<FigaroCoo> oggi la rivedo cosa devo fare?!
<arti> e ora cosa fai ?
<FigaroCoo> e dimmi tu
<FigaroCoo> cosa devo fare stasera?!
<arti> cosa devi racontare
<arti> ma no
<arti> con la ragaza
<FigaroCoo> dimmi tu .. quanto la rivedo cosa gli dico
<FigaroCoo> ci 6
<arti> sisi
<arti> ma devi esere  solo con lei
<arti> non poi fare davanti a tutti
<FigaroCoo> io non la conosco ne meno
<arti> certe cose
<FigaroCoo> non ci siamo mai presentati come faccio
<arti> hai visto
<FigaroCoo> cosa
<arti> che non poi  fai  niente quando ce girnte
<arti> se lo vedi da sola  si
<FigaroCoo> cosa gli devo dire
<arti> ma non hai mai avuto una ragaza?
<FigaroCoo> No
<arti> e come fai'
<FigaroCoo> a fare chè
<arti> stare sensa  ragaza
<FigaroCoo> Bo
<FigaroCoo> veramente non so come fare...
<FigaroCoo> mi inpappino sempre..
<arti> se vieni a roma ti facio vedere come si fa
<FigaroCoo> ee
<FigaroCoo> senti ora cosa devo fare con questa
<arti> senti devi trovarla da sola  e te devi  butare
<arti> tanto non mena
<FigaroCoo> si ma se non la conosco non me lanno mai presentata...lunuca cosa che mi a fatto fare una mega figuraz
<FigaroCoo> ee
<FigaroCoo> dimmi tu
<FigaroCoo> be ora vado ciaoooz
Session Close: Tue Jul 25 17:13:13 2000

