
Session Start: Sat Jan 09 01:47:10 1999
<FigaroCoo> ciao
<bObbYMeTa> ciao
<FigaroCoo>  senti o un prog e non esite il crack ... ?me lo potrsti fare ti passo io il prog
<bObbYMeTa> dimmi che prg è
<FigaroCoo> e di architettura.. a la chiave.. seriale
<FigaroCoo> pero funziona per 20 giorni solo che nei venti gioni non ti da tutte le funzioni
<bObbYMeTa> la chiave sulla porta parallela?
<bObbYMeTa> autocad?
<FigaroCoo> invece quando inserisco la chiave me lo apre
<FigaroCoo> no e tipo autocad si chiama stereometric pro
<FigaroCoo> quando metto la chiave mi apre tutte le funzioni
<FigaroCoo> se mi dai e-mail.. e te lo mando
<bObbYMeTa> aspetta
<FigaroCoo> ok
<bObbYMeTa> ha la chiave hardware?
<FigaroCoo> no seriale..
<FigaroCoo> per i primi 20 giorni funziona.. solo che non mi attiva tutte le funzioni
<FigaroCoo> tipo crea nuovo file ecc..
<FigaroCoo> invece se inserisco la chiave mi attiva tutte le funzioni
<FigaroCoo> e diventa conpleto
<bObbYMeTa> okky
<bObbYMeTa> quanto okkupa
<FigaroCoo> 400k
<bObbYMeTa> sendamelo a bobbymetal@libero.it
<FigaroCoo> scusa o sbagliato ti o inviato il messagio senza niente
<FigaroCoo> ora te lo rinvio
<bObbYMeTa> okky
<FigaroCoo> te l osto inviando
<FigaroCoo> senti quanto ci vuole per sbloccarmelo?
<bObbYMeTa> boh
<bObbYMeTa> dipende dalla difficoltà
<bObbYMeTa> se non riesco entro sabato di dico dove puoi provare a cercare
<FigaroCoo> la mia e-mail e japigia@iol.it
<FigaroCoo> vabe ti uscira scritta quanto ti arriva il file..
<FigaroCoo> per favore vedi se ci riesci
<bObbYMeTa> okky
<bObbYMeTa> ricevuta
<FigaroCoo> cosa ai ricevuto
<FigaroCoo> ?
<FigaroCoo> se ancora deve finire di inviare il file..
<bObbYMeTa> la mail
<bObbYMeTa> mi pareva
<bObbYMeTa> 2 mail vuote
<bObbYMeTa> :)
<FigaroCoo> vedi 1 e allegato
<FigaroCoo> o scritto susa ecco il file
<FigaroCoo> e allegato
<FigaroCoo> sono 546 kb
<FigaroCoo> allora ti e arrivato?
<FigaroCoo> ci 6
<FigaroCoo> 6
<bObbYMeTa> sto scaricando
<FigaroCoo> a
<FigaroCoo> ok io ora devo andare domani aspetto tue risposte ok
<bObbYMeTa> okky
<bObbYMeTa> non domani
<bObbYMeTa> sabato
<FigaroCoo> ok mandami un mess in e-mail lo aspetto ci conto ciao!!!
<bObbYMeTa> ciao
<FigaroCoo> ciaoz
Session Close: Sat Jan 09 02:12:50 1999

