
Session Start: Fri Jan 08 01:59:03 1999
<FigaroCoo> ciao
<FigaroCoo> senti
<FigaroCoo> ti posso fare una domandina
<FigaroCoo> veloce veloce
Session Close: Fri Jan 08 02:01:37 1999


Session Start: Sat Jan 09 01:43:33 1999
<FigaroCoo> ciaoù
<BuG980> uu
<FigaroCoo> senti o un prog e non esite il crack ... ?me lo potrsti fare ti passo io il prog
<FigaroCoo> e di 400kb..
<FigaroCoo> si chiama stereometric pro
<FigaroCoo> lo mandato a simone e lui mi  a detto che non e ancora a questi livelli..
<BuG980> casa serve??
<BuG980> a cosa serve, sorry??
<BuG980> cmq manda..
<BuG980> posso provare, quando avrò tempo...
<FigaroCoo> non mi funziona la dcc.. 
<FigaroCoo> dammi e-mail
<BuG980> Bug980@hotmail.com
<BuG980> quando hai finito dimmelo...
<FigaroCoo> ok
<FigaroCoo> fra un po te lo invio lo sto inviando gia ad un altro amico
<BuG980> dimmi quando hai finito..
<FigaroCoo> ok
<BuG980> come si chiama il prog??
<FigaroCoo> stereometric pro
<FigaroCoo> te lo sto inviando
<BuG980> per mail??
<FigaroCoo> per domani mi fai sapere cosa ai fatto
<FigaroCoo> si
<FigaroCoo> sono 546 kb
<FigaroCoo> sta ancora inviando
<FigaroCoo> aspetta che finisca
<BuG980> 'k
<FigaroCoo> pr domani mi fai sapere?
<FigaroCoo> la mia e-mail e japigia@iol.it
<BuG980> non lo so se faccio in tempo a dargli un'occhiata....
<BuG980> vedo..
<FigaroCoo> inviato
<FigaroCoo> ok ora puoi incominciare a scaricare la e-mail
<FigaroCoo>  ok mandami un mess in e-mail lo aspetto ci conto ciao!!!
<BuG980> ora controllo
<FigaroCoo> ciaooo??'00000000>
<FigaroCoo> ===000000AspeTTo la Tua e-mail 000000===
<BuG980> ??
<FigaroCoo> cosa
<BuG980> niente...
<FigaroCoo> ciao
<BuG980> sto cercando di aprire hotmail...
<BuG980> cmq ora torno nella chat comune..
<FigaroCoo> ok ciaoZ
Session Close: Sat Jan 09 02:12:50 1999

