
Session Start: Wed Jan 06 14:26:37 1999
<FigaroCoo> ciao
<FigaroCoo> senti mi passi il prog cosi lo faccio io
<cesare3> quale progr.?
<FigaroCoo> quello che passa da assebler in c++
<cesare3> to ti passo il libro.....
<cesare3> studiatelo
<FigaroCoo> ee
<cesare3> struttura e progetto dei calcolatori
<FigaroCoo> senti se ti passo il sorgente del mirc.. in assebler me lo porti in c
<FigaroCoo> c++
<cesare3> david a. patterson
<cesare3> john l. hennessy
<cesare3> come si chiama il tuo progr.?
<cesare3> quello che cerchi
<FigaroCoo> il mirc
<FigaroCoo> il sorgente del mirc
<cesare3> usa il soft ice
<FigaroCoo> e a che serve
<cesare3> oppure il windasm32
<FigaroCoo> a si cè lo
<cesare3> sono dei decompilatori
<FigaroCoo> me lo disasebla..
<FigaroCoo> e poi lo voglio portato il c++ come si fà?
Session Close: Wed Jan 06 14:31:58 1999

