
Session Start: Sat Jul 29 18:01:12 2000
Session Ident: Jean_Luc (picard.ent@ts1-179.dialup.tiscalinet.it)
<Jean_Luc> Nel senso di..?
<FigaroCoo> lavoro
<FigaroCoo> ai prog che protegge cd... da copiature.. o cose del genere
<Jean_Luc> Ha!
<FigaroCoo> se ai un programma che protegge i cd.. 
<Jean_Luc> mi dispiace, ma ke io sappia nn ne esistono di veramente efficaci!
<FigaroCoo> se ne trovi uno discreto.. 
<FigaroCoo> ti contetto per lavoro
<Jean_Luc> spiegami, ma ti serve x passare qualcosa ad un tuo conoscente o x distribuirlo pubblicamente?
<FigaroCoo> x distribuirlo pubblicamente?
<FigaroCoo> scusa
<FigaroCoo> per distribuiro
<FigaroCoo> per  vendermelo
<FigaroCoo> ai niente per proteggere...
<FigaroCoo> per favore trovami qualcusa
<Jean_Luc> Allora nn ne esistono!
<FigaroCoo> dico io lo devo vendere solo nella mia citta...
<FigaroCoo> vorrei solo la protezzione che anno usato quelli di fifa
<Jean_Luc> è ke se devi distribuirlo t conviene usare un sistema di codifica x proteggerlo!
<FigaroCoo> si mi serve
<FigaroCoo> .. tromami qualcusa.. che funzioni un po'
<FigaroCoo> per favore
Session Close: Sat Jul 29 18:17:43 2000

