
Session Start: Mon Jul 24 15:48:46 2000
<FigaroCoo> ciao
<kikka> ciau
<kikka> come va?
<FigaroCoo> benez..
<FigaroCoo> te
<kikka> benone..ho finito gli esamiiiiiii
<FigaroCoo> a
<kikka> che figataaaaaa
Session Close: Mon Jul 24 16:07:50 2000


Session Start: Sat Jul 29 18:51:27 2000
<FigaroCoo> ciao kikka
<kikka> ciau
<FigaroCoo> come te esta la vitaz
<kikka> mucho bien
<FigaroCoo> da dove 6
<kikka> prov di novara
<FigaroCoo> azzo
<FigaroCoo> anni
<kikka> 20
<FigaroCoo> ee
<FigaroCoo> cosa fai nella vita
<kikka> studio
<kikka> scienze della com
<kikka> tu?
<FigaroCoo> a... misure..
<FigaroCoo> io studioz
<FigaroCoo> ci 6
<kikka> si scusa ero andata fuori un attimo
<FigaroCoo> allora.. misure
<kikka> anni?
<FigaroCoo> io .. 
<kikka> si
<FigaroCoo> 16
<FigaroCoo> dimmi le misure
<kikka> eheh caro mio...
<kikka> io ne ho 20!!!
<FigaroCoo> e me.. non mi vergogno
<kikka> ciau
<FigaroCoo> non ti preoccuopare
<FigaroCoo> ..dai.\
<FigaroCoo> Non fare la sciocchina...\
<FigaroCoo> eeù
<FigaroCoo> allroa
<FigaroCoo> ...eio
<FigaroCoo> daiiiiiiiII
<FigaroCoo> Kikka me la Kikki un po
<FigaroCoo> EE
<FigaroCoo> Pizzaronamelamaniabastradatroya....
<kikka> ????
<FigaroCoo> parla un po'
<FigaroCoo> tanto .. mica dobbiamo uscire in sieme..
<FigaroCoo> o no
<kikka> nono
Session Close: Sat Jul 29 19:01:28 2000

