
Session Start: Fri Jan 08 01:13:30 1999
<FigaroCoo> sto realizzando un nuvo client conpatibile sia con il mirc sia con il microsoftchat
<Magicpie> ah si?
<FigaroCoo> scaricalo la versione dimostrativa.. e lascia le tue idee a http://teorulez.hypermart.net'
Session Close: Fri Jan 08 01:16:25 1999


Session Start: Fri Jan 08 02:01:50 1999
<FigaroCoo> ai scaricato il client?
<Magicpie> no..
<FigaroCoo> lo scarichi
<Magicpie> mmm....
<Magicpie> ma xchè dovrei?
<Magicpie> che
<FigaroCoo> fidati e buonissimo dammi un parere
<Magicpie> vantaggi ha?
<FigaroCoo> allora.. non c'è bisoglo di firewall.. e cazzate varie..
<FigaroCoo> puoi stare in due server contemporaneamente...
<Magicpie> ah si?
<FigaroCoo> in due chat di due server.. e nella nuova versione sarà compatibile sia con gli script del mirc.. sia con i fumetti del chat
<Magicpie> mmmm
<Magicpie> ps come si fa a vedere chi c'è su un canale?
<FigaroCoo> ?=>e uno si potra fare.. gli script come vuole con un sacco di fumetti e se usi un script vecchio ce lo potrai montare sopre
<FigaroCoo> e tutto scritto
<FigaroCoo> quella e solo la versione multiserver..
<FigaroCoo> vai sul sito e vedi
<Magicpie> ??
<FigaroCoo> http://teorulez.hypermart.net
<Magicpie> ok
<FigaroCoo> lo stai scaricando
<Magicpie> mmm
<Magicpie> ma è 1.2 m
<FigaroCoo> ecc
<FigaroCoo> scarica tutto
<Magicpie> tutit?
<FigaroCoo> si
<FigaroCoo> scaricati=
<Magicpie> no...
<FigaroCoo> quanto ti manca
<Magicpie> ma non credo di scaricarli
<FigaroCoo> perchè
<Magicpie> xchè il pizza mi va beneù
<FigaroCoo> ma
<FigaroCoo> io o voluto fare.. una cosa del genere per unire microsoftchat con il mirc e forse ci sono quasi riuscito
Session Close: Fri Jan 08 02:21:53 1999

