
Session Start: Tue Jul 25 16:16:16 2000
<FigaroCoo> ciao sei m o f
<Manouche> f, dimmi tutto
<FigaroCoo> ciaoo.. 
<Manouche> ciao
<FigaroCoo> o conosciuta una ragazza.. e Carinissiama ci conosciamo solo cosi'?
<Manouche> e allora?
<FigaroCoo> ieri la stavo guardando.. 
<Manouche> e
<FigaroCoo> e si e girata.e mi a detto di non guardarla che la facevo stare..a disaggio
<Manouche> ohh
<FigaroCoo> come devo fare=!oggi quanto la vedo..PS o fatto una FiguRacc..
<Manouche> forse il tuo sguardo era tropo esplicito
<FigaroCoo> eee
<FigaroCoo> Cosa devo fare!=
<Manouche> nulla, la chiami, le chiedi se puoi parlare con lei
<FigaroCoo> ma non la conosco...
<Manouche> le spieghi che lei ti piace e vorresti conoscerla meglio, se lei vuole
<FigaroCoo> ieri.. stavamo.. con degli amici miei ...
<FigaroCoo> stavano parlando e lo guardata..
<FigaroCoo> ..a me piace..><
<Manouche> ma scusa, quanti anni hai'
<FigaroCoo> io 16
<Manouche> e di dove 6?
<FigaroCoo> Napoli
<Manouche> e lei?
<FigaroCoo> come devo fare?!
<FigaroCoo> idem
<FigaroCoo> pero' a 15 anni
<Manouche> è così difficile portarla a prendere un gelato?
<FigaroCoo> si ma chi la conosce...
<Manouche> vi raccontate un po' di voi
<FigaroCoo> non ci siamo mai parlati.. 
<Manouche> cosa studiate, quali gusti musicali
<FigaroCoo> a
<Manouche> fattela presentare per bene da un comune amico
<Manouche> chi la conosce che dice'
<FigaroCoo> se..\dopo la figura che o fatto ieri... davanti ai miei amici.. immagina.. sono rimasto di tavola
<FigaroCoo> e,,,\
<Manouche> ma siete tanto giovani!, non darci troppo peso
<FigaroCoo> ...><i Miei amici..  mi prendono ingirooooo
<Manouche> e tu lasciali dire!
<FigaroCoo> cosa devo fare oggi la vedo=!
<Manouche> del resto questa che ti piace adesso, magari l'anno prossimo, non ti piacerà più
<FigaroCoo> dammi un consigliooo...
<Manouche> presentati a lei, le chiedi scusa se l'hai importunata con uno sguardo troppo indiscreto
<Manouche> le chiedi se puoi invitarla a prendere un gelato
<FigaroCoo> ci sono 2 problemi..see.. e poi mi prende per deficente
<Manouche> sii gentile, rispettoso
<FigaroCoo> 1)non o il coraggio
<Manouche> e parla meglio
<Manouche> la fortuna aiuta chi osa, ricordalo
<Manouche> perché mai'
<FigaroCoo> se ma se lei non mi caca neache di sbiego..
<FigaroCoo> aiuTooooo..
<Manouche> tu prova a chiederle se può inserirti fra  i suoi amici, che tu lo vorresti perché lei ti piace
<Manouche> se poi ti dice che a lei proprio non vai..
<FigaroCoo> mi sparo0
<Manouche> no, le dici che rispetti la sua volontà, ma vorresti che ti conoscesse meglio
<Manouche> e che sei sicuro di poterle piacere
<FigaroCoo> bo
<Manouche> mi fai tenerezza, potresti essere un mio alunno
<FigaroCoo> eee
<FigaroCoo> non o il coraggio di parlarle..
<Manouche> meglio di così non so cosa dirti, piccolo
<Manouche> meglio che te lo fai venire, sennò resti al palo, sempre
<FigaroCoo> senti secondote perchè mi a fatto la sparata davanti a tuttti..
<FigaroCoo> bo.!
<Manouche> è stato naturale, nulla di cattivo
<FigaroCoo> a si..
<FigaroCoo> e bello
<Manouche> e se fosse stato perché invece tu... le piaci e si vergogna'
<FigaroCoo> inpossibile
<Manouche> pensaci un po'
<FigaroCoo> s
<FigaroCoo> come faccio ad accorgemene..
<Manouche> perché, le donne sono così complicate!
<FigaroCoo> eee
<Manouche> glielo chiedi!
<FigaroCoo> ti dico quella ride scerza con tutti i miei .. amici.. pero con me.. non mi caca.. 
<FigaroCoo> e inpossibile
<Manouche> vedi, buon segno!
<FigaroCoo> come buon segno
<Manouche> se fossi mio alunno per come scrivi ti avrei già bocciato!, ma mi fai tenerezza!
<FigaroCoo> eee
<FigaroCoo> perchè buon seglo
<Manouche> ti dico che è un probabile buon segno
<FigaroCoo> seno
<FigaroCoo> segno
<FigaroCoo> aa mi inpappino
<Manouche> che ti succede?
<FigaroCoo> si di cosa.. non la conoscoo
<Manouche> ma vi sarete visti qualche volta!
<FigaroCoo> si di sfuggita.
<Manouche> questa che un adolescente ha problemi ad agganciare una coetanea!
<FigaroCoo> cosa..
<Manouche> e vedi di frequentarla un po', senza aggredirla
<FigaroCoo> dici di non guardarla + 
<FigaroCoo> niente zero
<FigaroCoo> di non dire una parla
<Manouche> come sarebbe, devi cercare di conoscerla, di poterci parlare
<Manouche> che ne so, di chiederle di uscire qualche volta con te
<FigaroCoo> si e come faccio gli piace a tutti i miei amici
<FigaroCoo> se
<Manouche> embè?
<FigaroCoo> quella se gli dico di uscire con me si fa 2 risate in faccia..
<Manouche> se ti piace davvero devi cercare di essere più attraente di loro
<FigaroCoo> eee
<Manouche> perché, che tipo è?
<FigaroCoo> come
<FigaroCoo> come che tipo è..
<Manouche> una che ride così del prossimo
<Manouche> se non la conosci come fai a dire che riderebbe
<FigaroCoo> gia come se girata ieri..Bo
<FigaroCoo> o da sospettare..
<Manouche> cosa?
<FigaroCoo> che mi rida in faccia..
<Manouche> beh, se ti ride in faccia tu mantieni la calma, e ridi anche tu
<FigaroCoo> ee
<FigaroCoo> sembra facile
<Manouche> magari dopo due risate insieme finite per iniziare a parlare
<FigaroCoo> se mi ride in facci...io non so cosa faccio.. e capace che rimango di tavola
<FigaroCoo> senti dimmi stasera.. quanto la vedo cosa devo fare..
<Manouche> ma mi sa che mi stai prendendo in giro
<Manouche> lo è
<FigaroCoo> perche ti devo prendere in giro
Session Close: Tue Jul 25 16:41:57 2000

