
Session Start: Fri Jan 08 01:15:17 1999
<FigaroCoo> ciao
<FigaroCoo> perch'
Session Close: Fri Jan 08 01:16:25 1999


Session Start: Fri Jan 08 01:22:27 1999
Session Ident: Nessuno (pippo@a-ay1-22.tin.it)
<Nessuno> ci sei ?
<FigaroCoo> si
<Nessuno> kapito kosa intendevo ?
<FigaroCoo> si
<FigaroCoo> lai scaricato
<Nessuno> è normale
<Nessuno> ?
<FigaroCoo> no
<Nessuno> nn ankora
<FigaroCoo> ma per versione dimostrativa..
<Nessuno> nn posso
<Nessuno> ho l pc
<Nessuno> prossimo alla morte
<Nessuno> e misteriosamente
<Nessuno> gli exe spariscono da mio disco o vengono danneggiati....
<FigaroCoo> ai provato a formattarlo a basso livello
<Nessuno> a breve...
<Nessuno> ma come facio a basso livello?
<Nessuno> ke devio usare ?
<FigaroCoo> un prog che formatta hardisc a basso livello cioè dai cilindri del tuo ardisc
<Nessuno> mm
<Nessuno> prima
<Nessuno> sul vecchi pc
<Nessuno> era possibile farlo dal bios
<FigaroCoo> si ci sono ora i prog..
<FigaroCoo> che lo fanno li danno su i siti del ardisc
<Nessuno> male
<Nessuno> mmm
<Nessuno> prima però
<Nessuno> dovrò trasportere un hadd vicino
<Nessuno> ad un masterizzatore....
Session Close: Fri Jan 08 01:39:07 1999

