
Session Start: Mon Jan 04 14:43:00 1999
<FigaroCoo> dammi la e-mail che ti mando il prog?
<NetPhanto> no no
<NetPhanto> non mi serve il prgo
<NetPhanto> ti procuro il crack e basta
<FigaroCoo> ok
<NetPhanto> io mica sono una cracker
<FigaroCoo> a
<FigaroCoo> trovato niente
<NetPhanto> aspetta
<NetPhanto> ti ho detto che sto scaricando
<NetPhanto> e il browser
<NetPhanto> è estremamente lento
<FigaroCoo> allora
<NetPhanto> 'spe
<FigaroCoo> ma che scarichi
<NetPhanto> un mp3
<FigaroCoo> a
<FigaroCoo> vedi in tanto se trovi niente
<NetPhanto> infatti
<NetPhanto> sto cercando per te
<FigaroCoo> ok
<FigaroCoo> allora
<FigaroCoo> trovato niente
Session Close: Mon Jan 04 14:59:52 1999

