
Session Start: Mon Jul 24 15:47:42 2000
<FigaroCoo> ei
<FigaroCoo> ciaooooo
<SHyz> uellà
<FigaroCoo> cosa vai!!!\Di bello
<SHyz> vaccio niente :)
<FigaroCoo> eee
<FigaroCoo> idem
<SHyz> cooome lavora lavora :)
<SHyz> sto cercando quel paint shop pro o come si kiama
<SHyz> ma fin'ora l'ho bekkato solo shareware
<SHyz> ac
<SHyz> c
<FigaroCoo> che versione
<FigaroCoo> la 6
<FigaroCoo> ti mando il cracK?
<SHyz> come?
<FigaroCoo> per la versione shareware dico la 6 c'è il crack
<SHyz> si ma come la mandi?
<FigaroCoo> in e-mail
<FigaroCoo> + tardi te la mando devo vedere un po ..nei cd ok
<SHyz> tanto x chiedere....quando devo stare su..un quarto d'ora o più? :)
<FigaroCoo> e solo un mega
<SHyz> okkei
<FigaroCoo> A.>o quasi finito di colorare l'omino col cappellino poi Te lo mando e mi dici come sta
<Gianfrancaldino> ok
<Magicpie> va bene quando vuoi

Session Start: Mon Jul 24 15:58:40 2000
Session Close: Mon Jul 24 15:58:43 2000

<Gianfrancaldino> okzZ
<Gianfrancaldino> ai scansato la foTo..del portale=

Session Start: Mon Jul 24 16:00:37 2000
Session Close: Mon Jul 24 16:00:52 2000

<Sha`> ehm....
<Sha`> non ho lo scann
<Sha`> devo ancora andare da mio cug
<Gianfrancaldino> pec.
<Sha`> domani vado e vedo di farla
<Gianfrancaldino> oKZ.z
<Gianfrancaldino> mi sto incacchiando.. un po' ora butto tutti
<Sha`> cosa succede?
<Gianfrancaldino> Cambiano Sempre NIcK\\
<Gianfrancaldino> impazzisco
<Gianfrancaldino> Esco
<ViDeL> ihihihihihih
<ViDeL> susu non te la prendere
<Gianfrancaldino> eeeeee\
<Gianfrancaldino> cioZ
<ViDeL> ciao :)
<Gianfrancaldino> ci sentiamo dopo vado un p0' a lavorare
<Gianfrancaldino> ciooooooo<<<PS.>mi sono dimenticato di dirti .....><Stammi Bene
<Gianfrancaldino> eee
<ViDeL> ehhe i will, ciao!
<Gianfrancaldino> ciaooo
Session Close: Mon Jul 24 16:07:50 2000

