
Session Start: Fri Jan 08 01:12:40 1999
<FigaroCoo> sai proteggere un prog
<Sidio> dipende
<Sidio> o meglio, non sono bravo quanto gli altri
Session Close: Fri Jan 08 01:20:09 1999


Session Start: Fri Jan 08 01:27:53 1999
<FigaroCoo> ciao
<FigaroCoo> per favore mi faresti questo crack per me..
<FigaroCoo> ti scongiuro
<Sidio> quanto occupa il programma?
<FigaroCoo> 200 kb
<FigaroCoo> + o meno
<FigaroCoo> se vuoi te lo mando in e-mail dammi la tua
<Sidio> x dos o win?
<FigaroCoo> win
<Sidio> mandamelo adesso
<Sidio> e dimmi la tua e-mail
<FigaroCoo> ok dammi e-mail
<FigaroCoo> japigia@iol.it
<Sidio> mandamelo in chat
<FigaroCoo> non mi funziona il dcc
<Sidio> ok
<Sidio> sidio@thekeyboard.com
<Sidio> mandalo lì
<FigaroCoo> ok 
<FigaroCoo> o fatto sta mandando 
<FigaroCoo> senti il prog funziona per 20 giorni ma non nuovi file e cose del genere..
<FigaroCoo> se invece metto la chiave seriale che lo conprata il prg funziona conpletamente e per quanto voglio
<FigaroCoo> lo sai sboccare?
<FigaroCoo> a me serve senza chiave
<Sidio> ok
<Sidio> spero di sì
<FigaroCoo> quanto ci vuole per vedere..
<Sidio> non dovrebbe essere complicato
<Sidio> spero invece che non si tratti di un virus :9
<Sidio> 2 o 3 giorni
<Sidio> domani non ho tempo
<FigaroCoo> pero' e stano quando funziona per 20 giorni non mi attiva....nuovo file ecc... 
<FigaroCoo> ok ti e arrivato?
<Sidio> si, sta arrivando
<FigaroCoo> to ora li puoi dare un occhiatina.. cosi vedi cosa devi fare'?
<Sidio> non è così semplice
<Sidio> ci vuole almeno 1 ora
<FigaroCoo> perchè
<FigaroCoo> capisco
<FigaroCoo> per domani mi mandi un e-mail e mi fai sapere?
<Sidio> ok
<FigaroCoo> scaricato
<FigaroCoo> ora io vado aspetto tue notizie al + presto
<FigaroCoo> ciaooo
Session Close: Fri Jan 08 01:39:07 1999


Session Start: Fri Jan 08 01:55:21 1999
<FigaroCoo> ciao
Session Close: Fri Jan 08 02:22:03 1999

