
Session Start: Wed Jan 06 03:55:46 1999
Session Ident: SySF4|L (^X@a-fo8-63.tin.it)
<SySF4|L> lo cerco pure io da anni
<FigaroCoo> ma esiste..?
<SySF4|L> pare sia il santo graal
<FigaroCoo> ee
<FigaroCoo> senti conosci il programma rec
<FigaroCoo> ?
<SySF4|L> cioè a me serve una cosa che dato il dissasemblato in assembler mi tiri fuori il codice c++
<SySF4|L> no
<FigaroCoo> anchio
<FigaroCoo> tu ai trovato qualche traduttore di assembler
<SySF4|L> no
<FigaroCoo> in qualsiasi linguaggio?
<SySF4|L> vabbè in basic
<SySF4|L> che poi non ho capito come funzionasse
<FigaroCoo> me lo dai,,
<SySF4|L> perchè il basic non tira fuori degli exe
<FigaroCoo> a gia=
<FigaroCoo> porca vacca
<SySF4|L> non ce l'ho più l'ho cestinato + di un anno fa :(
<FigaroCoo> come bisogna fare
<FigaroCoo> ?
<SySF4|L> bo adesso chiedo in giro pure io se trovo qualcosa ti faccio un fischio
<FigaroCoo> senti.. io o disaseblato il mirc.exe come devo fare a ricompilarlo in exe?
<SySF4|L> con turbo microsoft assembler 32
<SySF4|L> (togli turbo)
<SySF4|L> forse turbo assembler della borland ma non ne sono sicuro
<FigaroCoo> senti so che il mirc e stato fatto con il visual c++ come posso porlarlo  in sorgente..?
<SySF4|L> ehehe è per quello che cerchiamo il traduttore (dicono che esista)
<SySF4|L> però io non l'ho mai trovato
<FigaroCoo> aa
<SySF4|L> se trovi quello penso sia fatta
<FigaroCoo> ee
<FigaroCoo> forse lo trovato?
<FigaroCoo> !!
<SySF4|L> dove? chi ce l'ha?
<SySF4|L> argh!!!!
<FigaroCoo> www.libero.it
<FigaroCoo> ftp
<FigaroCoo> vedi ..
<FigaroCoo> forse
<SySF4|L> subitoooooo
<FigaroCoo> trovato niente
<SySF4|L> nno
<FigaroCoo> mm
<FigaroCoo> prova su http://www.aromatic.com/~cg/revnoni.htm#tools
<FigaroCoo> trovato niente
<SySF4|L> sto leggendo ... molto interessante
<FigaroCoo> ee
<FigaroCoo> vedi se trovi niente avvertimi intanto io cerco
<FigaroCoo> ok
<SySF4|L> sono andato nella pagina dei decompilatori dove dice ...is it possible?
<FigaroCoo> allora
<FigaroCoo> ?
<SySF4|L> poi dice che nei newsgroup di solito rispondono che questo non è possibile
<SySF4|L> però dice che c'è un esempio in un'altra pagina ora provo
<FigaroCoo> ok
<FigaroCoo> allora
<FigaroCoo> trovato nulla?
<FigaroCoo> ci 6
<FigaroCoo> 6
<FigaroCoo> 6
<FigaroCoo> se ci 6 e sei inpegnato.. fammi sapere notizie al japigia@iol.it
<FigaroCoo> ciao
Session Close: Wed Jan 06 04:19:54 1999

